#
# There is insufficient memory for the Java Runtime Environment to continue.
# Native memory allocation (mmap) failed to map 18874368 bytes. Error detail: G1 virtual space
# Possible reasons:
#   The system is out of physical RAM or swap space
#   This process is running with CompressedOops enabled, and the Java Heap may be blocking the growth of the native heap
# Possible solutions:
#   Reduce memory load on the system
#   Increase physical memory or swap space
#   Check if swap backing store is full
#   Decrease Java heap size (-Xmx/-Xms)
#   Decrease number of Java threads
#   Decrease Java thread stack sizes (-Xss)
#   Set larger code cache with -XX:ReservedCodeCacheSize=
#   JVM is running with Zero Based Compressed Oops mode in which the Java heap is
#     placed in the first 32GB address space. The Java Heap base address is the
#     maximum limit for the native heap growth. Please use -XX:HeapBaseMinAddress
#     to set the Java Heap base and to place the Java Heap above 32GB virtual address.
# This output file may be truncated or incomplete.
#
#  Out of Memory Error (os_windows.cpp:3631), pid=13680, tid=21552
#
# JRE version: Java(TM) SE Runtime Environment (22.0.1+8) (build 22.0.1+8-16)
# Java VM: Java HotSpot(TM) 64-Bit Server VM (22.0.1+8-16, mixed mode, emulated-client, sharing, tiered, compressed oops, compressed class ptrs, g1 gc, windows-amd64)
# No core dump will be written. Minidumps are not enabled by default on client versions of Windows
#

---------------  S U M M A R Y ------------

Command Line: -XX:TieredStopAtLevel=1 -Dspring.output.ansi.enabled=always -Dcom.sun.management.jmxremote -Dspring.jmx.enabled=true -Dspring.liveBeansView.mbeanDomain -Dspring.application.admin.enabled=true -Dmanagement.endpoints.jmx.exposure.include=* -javaagent:D:\JetBrains\IntelliJ IDEA 2025.2\lib\idea_rt.jar=63456 -Dfile.encoding=UTF-8 -Dsun.stdout.encoding=UTF-8 -Dsun.stderr.encoding=UTF-8 com.feng.graduationproject.GraduationProjectApplication

Host: AMD Ryzen 7 6800H with Radeon Graphics         , 16 cores, 15G,  Windows 11 , 64 bit Build 26100 (10.0.26100.7705)
Time: Mon Mar 16 22:51:03 2026  Windows 11 , 64 bit Build 26100 (10.0.26100.7705) elapsed time: 34.352684 seconds (0d 0h 0m 34s)

---------------  T H R E A D  ---------------

Current thread (0x0000015302c74b90):  VMThread "VM Thread"          [id=21552, stack(0x00000007f1f00000,0x00000007f2000000) (1024K)]

Stack: [0x00000007f1f00000,0x00000007f2000000]
Native frames: (J=compiled Java code, j=interpreted, Vv=VM code, C=native code)
V  [jvm.dll+0x6e2279]  (no source info available)
V  [jvm.dll+0x874e33]  (no source info available)
V  [jvm.dll+0x87725e]  (no source info available)
V  [jvm.dll+0x877933]  (no source info available)
V  [jvm.dll+0x27fd76]  (no source info available)
V  [jvm.dll+0x6de915]  (no source info available)
V  [jvm.dll+0x6d341a]  (no source info available)
V  [jvm.dll+0x3589da]  (no source info available)
V  [jvm.dll+0x360f06]  (no source info available)
V  [jvm.dll+0x3b3e2e]  (no source info available)
V  [jvm.dll+0x3b40d8]  (no source info available)
V  [jvm.dll+0x32c59c]  (no source info available)
V  [jvm.dll+0x32eef6]  (no source info available)
V  [jvm.dll+0x3391c1]  (no source info available)
V  [jvm.dll+0x370365]  (no source info available)
V  [jvm.dll+0x87d7d0]  (no source info available)
V  [jvm.dll+0x87eb57]  (no source info available)
V  [jvm.dll+0x87f0d0]  (no source info available)
V  [jvm.dll+0x87f373]  (no source info available)
V  [jvm.dll+0x81d44b]  (no source info available)
V  [jvm.dll+0x6e0915]  (no source info available)
C  [ucrtbase.dll+0x37b0]  (no source info available)
C  [KERNEL32.DLL+0x2e8d7]  (no source info available)
C  [ntdll.dll+0x8c40c]  (no source info available)

VM_Operation (0x00000007f1aff580): G1PauseRemark, mode: safepoint, requested by thread 0x000001536db6bd10


---------------  P R O C E S S  ---------------

Threads class SMR info:
_java_thread_list=0x00000153492e5530, length=25, elements={
0x000001536d596780, 0x0000015302c94220, 0x0000015302c95650, 0x0000015302c9a9d0,
0x0000015302c9d440, 0x0000015302c9e050, 0x0000015348000080, 0x0000015348015310,
0x00000153481603d0, 0x0000015348571f60, 0x00000153485725d0, 0x00000153487ad870,
0x000001534904afa0, 0x0000015349055b50, 0x00000153490b4ea0, 0x00000153490d7750,
0x0000015349d71b90, 0x0000015349d6fac0, 0x0000015349d70e70, 0x0000015349d70150,
0x0000015349d72220, 0x0000015349d728b0, 0x0000015349d707e0, 0x00000153489b5290,
0x00000153489b1e10
}

Java Threads: ( => current thread )
  0x000001536d596780 JavaThread "main"                              [_thread_blocked, id=15452, stack(0x00000007f1800000,0x00000007f1900000) (1024K)]
  0x0000015302c94220 JavaThread "Reference Handler"          daemon [_thread_blocked, id=17316, stack(0x00000007f2000000,0x00000007f2100000) (1024K)]
  0x0000015302c95650 JavaThread "Finalizer"                  daemon [_thread_blocked, id=25256, stack(0x00000007f2100000,0x00000007f2200000) (1024K)]
  0x0000015302c9a9d0 JavaThread "Signal Dispatcher"          daemon [_thread_blocked, id=7368, stack(0x00000007f2200000,0x00000007f2300000) (1024K)]
  0x0000015302c9d440 JavaThread "Attach Listener"            daemon [_thread_blocked, id=26616, stack(0x00000007f2300000,0x00000007f2400000) (1024K)]
  0x0000015302c9e050 JavaThread "Service Thread"             daemon [_thread_blocked, id=24380, stack(0x00000007f2400000,0x00000007f2500000) (1024K)]
  0x0000015348000080 JavaThread "Monitor Deflation Thread"   daemon [_thread_blocked, id=21872, stack(0x00000007f2500000,0x00000007f2600000) (1024K)]
  0x0000015348015310 JavaThread "C1 CompilerThread0"         daemon [_thread_blocked, id=17372, stack(0x00000007f2600000,0x00000007f2700000) (1024K)]
  0x00000153481603d0 JavaThread "Common-Cleaner"             daemon [_thread_blocked, id=13552, stack(0x00000007f2800000,0x00000007f2900000) (1024K)]
  0x0000015348571f60 JavaThread "Monitor Ctrl-Break"         daemon [_thread_in_native, id=27332, stack(0x00000007f2a00000,0x00000007f2b00000) (1024K)]
  0x00000153485725d0 JavaThread "Notification Thread"        daemon [_thread_blocked, id=25904, stack(0x00000007f2b00000,0x00000007f2c00000) (1024K)]
  0x00000153487ad870 JavaThread "RMI TCP Accept-0"           daemon [_thread_in_native, id=25580, stack(0x00000007f2d00000,0x00000007f2e00000) (1024K)]
  0x000001534904afa0 JavaThread "Thread-0"                          [_thread_blocked, id=6120, stack(0x00000007f3400000,0x00000007f3500000) (1024K)]
  0x0000015349055b50 JavaThread "restartedMain"                     [_thread_blocked, id=10924, stack(0x00000007f3500000,0x00000007f3600000) (1024K)]
  0x00000153490b4ea0 JavaThread "RMI TCP Connection(idle)"   daemon [_thread_blocked, id=24292, stack(0x00000007f3600000,0x00000007f3700000) (1024K)]
  0x00000153490d7750 JavaThread "RMI Scheduler(0)"           daemon [_thread_blocked, id=4604, stack(0x00000007f3700000,0x00000007f3800000) (1024K)]
  0x0000015349d71b90 JavaThread "Catalina-utility-1"                [_thread_blocked, id=27264, stack(0x00000007f3800000,0x00000007f3900000) (1024K)]
  0x0000015349d6fac0 JavaThread "Catalina-utility-2"                [_thread_blocked, id=4956, stack(0x00000007f3e00000,0x00000007f3f00000) (1024K)]
  0x0000015349d70e70 JavaThread "container-0"                       [_thread_blocked, id=16276, stack(0x00000007f4400000,0x00000007f4500000) (1024K)]
  0x0000015349d70150 JavaThread "mysql-cj-abandoned-connection-cleanup" daemon [_thread_blocked, id=11976, stack(0x00000007f4500000,0x00000007f4600000) (1024K)]
  0x0000015349d72220 JavaThread "Druid-ConnectionPool-Create-1085498381" daemon [_thread_blocked, id=25560, stack(0x00000007f4600000,0x00000007f4700000) (1024K)]
  0x0000015349d728b0 JavaThread "Druid-ConnectionPool-Destroy-1085498381" daemon [_thread_blocked, id=16084, stack(0x00000007f4700000,0x00000007f4800000) (1024K)]
  0x0000015349d707e0 JavaThread "lettuce-timer-3-1"          daemon [_thread_blocked, id=11648, stack(0x00000007f4800000,0x00000007f4900000) (1024K)]
  0x00000153489b5290 JavaThread "RMI TCP Connection(4)-10.194.143.57" daemon [_thread_in_native, id=16700, stack(0x00000007f2700000,0x00000007f2800000) (1024K)]
  0x00000153489b1e10 JavaThread "RMI TCP Connection(5)-10.194.143.57" daemon [_thread_blocked, id=7596, stack(0x00000007f2900000,0x00000007f2a00000) (1024K)]
Total: 25

Other Threads:
=>0x0000015302c74b90 VMThread "VM Thread"                           [id=21552, stack(0x00000007f1f00000,0x00000007f2000000) (1024K)]
  0x0000015302c53b30 WatcherThread "VM Periodic Task Thread"        [id=20068, stack(0x00000007f1e00000,0x00000007f1f00000) (1024K)]
  0x000001536db584c0 WorkerThread "GC Thread#0"                     [id=24652, stack(0x00000007f1900000,0x00000007f1a00000) (1024K)]
  0x0000015348b4acf0 WorkerThread "GC Thread#1"                     [id=14128, stack(0x00000007f2e00000,0x00000007f2f00000) (1024K)]
  0x0000015348b4b0a0 WorkerThread "GC Thread#2"                     [id=23780, stack(0x00000007f2f00000,0x00000007f3000000) (1024K)]
  0x0000015348b1dea0 WorkerThread "GC Thread#3"                     [id=18688, stack(0x00000007f3000000,0x00000007f3100000) (1024K)]
  0x0000015348b1e250 WorkerThread "GC Thread#4"                     [id=25608, stack(0x00000007f3100000,0x00000007f3200000) (1024K)]
  0x0000015348bd3400 WorkerThread "GC Thread#5"                     [id=19468, stack(0x00000007f3200000,0x00000007f3300000) (1024K)]
  0x0000015348bd77c0 WorkerThread "GC Thread#6"                     [id=25240, stack(0x00000007f3300000,0x00000007f3400000) (1024K)]
  0x000001534921dbf0 WorkerThread "GC Thread#7"                     [id=27488, stack(0x00000007f3900000,0x00000007f3a00000) (1024K)]
  0x00000153492771d0 WorkerThread "GC Thread#8"                     [id=13960, stack(0x00000007f3a00000,0x00000007f3b00000) (1024K)]
  0x00000153492789a0 WorkerThread "GC Thread#9"                     [id=20984, stack(0x00000007f3b00000,0x00000007f3c00000) (1024K)]
  0x0000015349279560 WorkerThread "GC Thread#10"                    [id=15424, stack(0x00000007f3c00000,0x00000007f3d00000) (1024K)]
  0x000001534927a820 WorkerThread "GC Thread#11"                    [id=26296, stack(0x00000007f3d00000,0x00000007f3e00000) (1024K)]
  0x0000015349279960 WorkerThread "GC Thread#12"                    [id=19620, stack(0x00000007f4100000,0x00000007f4200000) (1024K)]
  0x000001536db6bd10 ConcurrentGCThread "G1 Main Marker"            [id=16488, stack(0x00000007f1a00000,0x00000007f1b00000) (1024K)]
  0x000001536db6cdd0 WorkerThread "G1 Conc#0"                       [id=17828, stack(0x00000007f1b00000,0x00000007f1c00000) (1024K)]
  0x000001534927a470 WorkerThread "G1 Conc#1"                       [id=21424, stack(0x00000007f4200000,0x00000007f4300000) (1024K)]
  0x0000015349279d10 WorkerThread "G1 Conc#2"                       [id=11876, stack(0x00000007f4300000,0x00000007f4400000) (1024K)]
  0x0000015302b1e9a0 ConcurrentGCThread "G1 Refine#0"               [id=8148, stack(0x00000007f1c00000,0x00000007f1d00000) (1024K)]
  0x0000015302b1f330 ConcurrentGCThread "G1 Service"                [id=21768, stack(0x00000007f1d00000,0x00000007f1e00000) (1024K)]
Total: 21

Threads with active compile tasks:
Total: 0

VM state: at safepoint (normal execution)

VM Mutex/Monitor currently owned by a thread:  ([mutex/lock_event])
[0x00007ffbb28abbb8] Threads_lock - owner thread: 0x0000015302c74b90
[0x00007ffbb28abcb8] Heap_lock - owner thread: 0x000001536db6bd10

Heap address: 0x00000004dde00000, size: 3890 MB, Compressed Oops mode: Zero based, Oop shift amount: 3

CDS archive(s) mapped at: [0x0000015303000000-0x0000015303c60000-0x0000015303c60000), size 12976128, SharedBaseAddress: 0x0000015303000000, ArchiveRelocationMode: 1.
Compressed class space mapped at: 0x0000015304000000-0x0000015344000000, reserved size: 1073741824
Narrow klass base: 0x0000015303000000, Narrow klass shift: 0, Narrow klass range: 0x41000000

GC Precious Log:
 CardTable entry size: 512
 Card Set container configuration: InlinePtr #cards 4 size 8 Array Of Cards #cards 16 size 48 Howl #buckets 8 coarsen threshold 3686 Howl Bitmap #cards 512 size 80 coarsen threshold 460 Card regions per heap region 1 cards per card region 4096
 CPUs: 16 total, 16 available
 Memory: 15557M
 Large Page Support: Disabled
 NUMA Support: Disabled
 Compressed Oops: Enabled (Zero based)
 Heap Region Size: 2M
 Heap Min Capacity: 8M
 Heap Initial Capacity: 244M
 Heap Max Capacity: 3890M
 Pre-touch: Disabled
 Parallel Workers: 13
 Concurrent Workers: 3
 Concurrent Refinement Workers: 13
 Periodic GC: Disabled

Heap:
 garbage-first heap   total reserved 3983360K, committed 61440K, used 46635K [0x00000004dde00000, 0x00000005d1000000)
  region size 2048K, 2 young (4096K), 1 survivors (2048K)
 Metaspace       used 49522K, committed 50624K, reserved 1114112K
  class space    used 6816K, committed 7232K, reserved 1048576K

Heap Regions: E=young(eden), S=young(survivor), O=old, HS=humongous(starts), HC=humongous(continues), CS=collection set, F=free, TAMS=top-at-mark-start, PB=parsable bottom
|   0|0x00000004dde00000, 0x00000004de000000, 0x00000004de000000|100%| O|  |TAMS 0x00000004de000000| PB 0x00000004de000000| Untracked |  0
|   1|0x00000004de000000, 0x00000004de200000, 0x00000004de200000|100%| O|  |TAMS 0x00000004de200000| PB 0x00000004de200000| Updating |  0
|   2|0x00000004de200000, 0x00000004de400000, 0x00000004de400000|100%| O|  |TAMS 0x00000004de400000| PB 0x00000004de400000| Untracked |  0
|   3|0x00000004de400000, 0x00000004de600000, 0x00000004de600000|100%| O|  |TAMS 0x00000004de400000| PB 0x00000004de400000| Untracked |  0
|   4|0x00000004de600000, 0x00000004de800000, 0x00000004de800000|100%| O|  |TAMS 0x00000004de800000| PB 0x00000004de800000| Updating |  0
|   5|0x00000004de800000, 0x00000004dea00000, 0x00000004dea00000|100%| O|  |TAMS 0x00000004dea00000| PB 0x00000004dea00000| Updating |  0
|   6|0x00000004dea00000, 0x00000004dec00000, 0x00000004dec00000|100%| O|  |TAMS 0x00000004dec00000| PB 0x00000004dec00000| Updating |  0
|   7|0x00000004dec00000, 0x00000004dee00000, 0x00000004dee00000|100%| O|  |TAMS 0x00000004dee00000| PB 0x00000004dee00000| Updating |  0
|   8|0x00000004dee00000, 0x00000004df000000, 0x00000004df000000|100%| O|  |TAMS 0x00000004df000000| PB 0x00000004df000000| Updating |  0
|   9|0x00000004df000000, 0x00000004df200000, 0x00000004df200000|100%| O|  |TAMS 0x00000004df200000| PB 0x00000004df200000| Updating |  0
|  10|0x00000004df200000, 0x00000004df400000, 0x00000004df400000|100%| O|  |TAMS 0x00000004df400000| PB 0x00000004df400000| Untracked |  0
|  11|0x00000004df400000, 0x00000004df600000, 0x00000004df600000|100%| O|  |TAMS 0x00000004df600000| PB 0x00000004df600000| Updating |  0
|  12|0x00000004df600000, 0x00000004df800000, 0x00000004df800000|100%| O|  |TAMS 0x00000004df800000| PB 0x00000004df800000| Updating |  0
|  13|0x00000004df800000, 0x00000004dfa00000, 0x00000004dfa00000|100%| O|  |TAMS 0x00000004dfa00000| PB 0x00000004dfa00000| Updating |  0
|  14|0x00000004dfa00000, 0x00000004dfc00000, 0x00000004dfc00000|100%| O|  |TAMS 0x00000004dfc00000| PB 0x00000004dfc00000| Untracked |  0
|  15|0x00000004dfc00000, 0x00000004dfe00000, 0x00000004dfe00000|100%| O|  |TAMS 0x00000004dfe00000| PB 0x00000004dfe00000| Updating |  0
|  16|0x00000004dfe00000, 0x00000004e0000000, 0x00000004e0000000|100%| O|  |TAMS 0x00000004e0000000| PB 0x00000004e0000000| Untracked |  0
|  17|0x00000004e0000000, 0x00000004e0200000, 0x00000004e0200000|100%| O|  |TAMS 0x00000004e0200000| PB 0x00000004e0200000| Updating |  0
|  18|0x00000004e0200000, 0x00000004e0400000, 0x00000004e0400000|100%| O|  |TAMS 0x00000004e0400000| PB 0x00000004e0400000| Updating |  0
|  19|0x00000004e0400000, 0x00000004e0600000, 0x00000004e0600000|100%| O|  |TAMS 0x00000004e0600000| PB 0x00000004e0600000| Untracked |  0
|  20|0x00000004e0600000, 0x00000004e0800000, 0x00000004e0800000|100%| O|  |TAMS 0x00000004e07a86a8| PB 0x00000004e07a86a8| Updating |  0
|  21|0x00000004e0800000, 0x00000004e0800000, 0x00000004e0a00000|  0%| F|  |TAMS 0x00000004e0800000| PB 0x00000004e0800000| Untracked |  0
|  22|0x00000004e0a00000, 0x00000004e0b8ae98, 0x00000004e0c00000| 77%| O|  |TAMS 0x00000004e0a00000| PB 0x00000004e0a00000| Updating |  0
|  23|0x00000004e0c00000, 0x00000004e0c00000, 0x00000004e0e00000|  0%| F|  |TAMS 0x00000004e0c00000| PB 0x00000004e0c00000| Untracked |  0
|  24|0x00000004e0e00000, 0x00000004e1000000, 0x00000004e1000000|100%| S|CS|TAMS 0x00000004e0e00000| PB 0x00000004e0e00000| Complete |  0
|  97|0x00000004ea000000, 0x00000004ea000000, 0x00000004ea200000|  0%| F|  |TAMS 0x00000004ea000000| PB 0x00000004ea000000| Untracked |  0
|  98|0x00000004ea200000, 0x00000004ea200000, 0x00000004ea400000|  0%| F|  |TAMS 0x00000004ea200000| PB 0x00000004ea200000| Untracked |  0
|  99|0x00000004ea400000, 0x00000004ea400000, 0x00000004ea600000|  0%| F|  |TAMS 0x00000004ea400000| PB 0x00000004ea400000| Untracked |  0
| 120|0x00000004ece00000, 0x00000004ece00000, 0x00000004ed000000|  0%| F|  |TAMS 0x00000004ece00000| PB 0x00000004ece00000| Untracked |  0
| 121|0x00000004ed000000, 0x00000004ed0411b8, 0x00000004ed200000| 12%| E|  |TAMS 0x00000004ed000000| PB 0x00000004ed000000| Complete |  0

Card table byte_map: [0x000001537b9c0000,0x000001537c160000] _byte_map_base: 0x00000153792d1000

Marking Bits: (CMBitMap*) 0x000001536db5b200
 Bits: [0x000001537c160000, 0x000001537fe28000)

Polling page: 0x000001536d880000

Metaspace:

Usage:
  Non-class:     41.71 MB used.
      Class:      6.66 MB used.
       Both:     48.36 MB used.

Virtual space:
  Non-class space:       64.00 MB reserved,      42.38 MB ( 66%) committed,  1 nodes.
      Class space:        1.00 GB reserved,       7.06 MB ( <1%) committed,  1 nodes.
             Both:        1.06 GB reserved,      49.44 MB (  5%) committed. 

Chunk freelists:
   Non-Class:  5.45 MB
       Class:  9.03 MB
        Both:  14.48 MB

MaxMetaspaceSize: unlimited
CompressedClassSpaceSize: 1.00 GB
Initial GC threshold: 21.00 MB
Current GC threshold: 82.44 MB
CDS: on
 - commit_granule_bytes: 65536.
 - commit_granule_words: 8192.
 - virtual_space_node_default_size: 8388608.
 - enlarge_chunks_in_place: 1.
 - use_allocation_guard: 0.


Internal statistics:

num_allocs_failed_limit: 3.
num_arena_births: 1000.
num_arena_deaths: 420.
num_vsnodes_births: 2.
num_vsnodes_deaths: 0.
num_space_committed: 791.
num_space_uncommitted: 0.
num_chunks_returned_to_freelist: 461.
num_chunks_taken_from_freelist: 2721.
num_chunk_merges: 111.
num_chunk_splits: 1904.
num_chunks_enlarged: 1434.
num_inconsistent_stats: 0.

CodeCache: size=49152Kb used=10132Kb max_used=12572Kb free=39020Kb
 bounds [0x00000153773e0000, 0x0000015378030000, 0x000001537a3e0000]
 total_blobs=6186 nmethods=5584 adapters=526
 compilation: enabled
              stopped_count=0, restarted_count=0
 full_count=0

Compilation events (20 events):
Event: 30.795 Thread 0x000001534809a540 5701       1       java.util.Vector::add (23 bytes)
Event: 30.795 Thread 0x000001534809a540 nmethod 5701 0x000001537777e690 code [0x000001537777e840, 0x000001537777ea50]
Event: 30.932 Thread 0x000001534809a540 5702       1       java.util.concurrent.atomic.AtomicIntegerFieldUpdater$AtomicIntegerFieldUpdaterImpl::accessCheck (17 bytes)
Event: 30.932 Thread 0x000001534809a540 nmethod 5702 0x000001537777e310 code [0x000001537777e4c0, 0x000001537777e5e8]
Event: 31.036 Thread 0x000001534809a540 5703       1       java.util.concurrent.atomic.AtomicIntegerFieldUpdater$AtomicIntegerFieldUpdaterImpl::get (17 bytes)
Event: 31.036 Thread 0x000001534809a540 nmethod 5703 0x000001537777df10 code [0x000001537777e0c0, 0x000001537777e1f8]
Event: 31.133 Thread 0x000001534809a540 5704   !   1       io.netty.util.HashedWheelTimer$Worker::waitForNextTick (120 bytes)
Event: 31.133 Thread 0x000001534809a540 nmethod 5704 0x000001537777d690 code [0x000001537777d880, 0x000001537777dcd8]
Event: 31.237 Thread 0x0000015348015310 5706       1       io.netty.util.HashedWheelTimer$Worker::transferTimeoutsToBuckets (124 bytes)
Event: 31.237 Thread 0x000001534809a540 5705   !   1       io.netty.util.HashedWheelTimer$Worker::processCancelledTasks (57 bytes)
Event: 31.237 Thread 0x0000015348015310 nmethod 5706 0x000001537777ce10 code [0x000001537777d000, 0x000001537777d390]
Event: 31.237 Thread 0x0000015348015310 5707       1       io.netty.util.HashedWheelTimer$HashedWheelBucket::expireTimeouts (115 bytes)
Event: 31.237 Thread 0x000001534809a540 nmethod 5705 0x000001537777c490 code [0x000001537777c6a0, 0x000001537777ca90]
Event: 31.237 Thread 0x000001534809a540 5708       1       io.netty.util.HashedWheelTimer::access$600 (4 bytes)
Event: 31.237 Thread 0x000001534809a540 nmethod 5708 0x000001537777c190 code [0x000001537777c320, 0x000001537777c3d0]
Event: 31.237 Thread 0x0000015348015310 nmethod 5707 0x000001537777b090 code [0x000001537777b320, 0x000001537777bc78]
Event: 31.299 Thread 0x0000015348015310 5709   !   1       java.io.ObjectInputStream::readTypeString (128 bytes)
Event: 31.300 Thread 0x0000015348015310 nmethod 5709 0x0000015377779b90 code [0x0000015377779e40, 0x000001537777a820]
Event: 32.310 Thread 0x0000015348015310 5710       1       java.util.Vector::elementData (7 bytes)
Event: 32.310 Thread 0x0000015348015310 nmethod 5710 0x0000015377779810 code [0x00000153777799a0, 0x0000015377779a98]

GC Heap History (20 events):
Event: 4.683 GC heap before
{Heap before GC invocations=12 (full 0):
 garbage-first heap   total reserved 3983360K, committed 51200K, used 44194K [0x00000004dde00000, 0x00000005d1000000)
  region size 2048K, 12 young (24576K), 1 survivors (2048K)
 Metaspace       used 38444K, committed 38976K, reserved 1114112K
  class space    used 5277K, committed 5504K, reserved 1048576K
}
Event: 4.686 GC heap after
{Heap after GC invocations=13 (full 0):
 garbage-first heap   total reserved 3983360K, committed 51200K, used 23462K [0x00000004dde00000, 0x00000005d1000000)
  region size 2048K, 2 young (4096K), 2 survivors (4096K)
 Metaspace       used 38444K, committed 38976K, reserved 1114112K
  class space    used 5277K, committed 5504K, reserved 1048576K
}
Event: 5.048 GC heap before
{Heap before GC invocations=13 (full 0):
 garbage-first heap   total reserved 3983360K, committed 51200K, used 39846K [0x00000004dde00000, 0x00000005d1000000)
  region size 2048K, 11 young (22528K), 2 survivors (4096K)
 Metaspace       used 41155K, committed 41856K, reserved 1114112K
  class space    used 5645K, committed 5952K, reserved 1048576K
}
Event: 5.050 GC heap after
{Heap after GC invocations=14 (full 0):
 garbage-first heap   total reserved 3983360K, committed 51200K, used 24721K [0x00000004dde00000, 0x00000005d1000000)
  region size 2048K, 2 young (4096K), 2 survivors (4096K)
 Metaspace       used 41155K, committed 41856K, reserved 1114112K
  class space    used 5645K, committed 5952K, reserved 1048576K
}
Event: 5.300 GC heap before
{Heap before GC invocations=14 (full 0):
 garbage-first heap   total reserved 3983360K, committed 51200K, used 41105K [0x00000004dde00000, 0x00000005d1000000)
  region size 2048K, 10 young (20480K), 2 survivors (4096K)
 Metaspace       used 43310K, committed 43968K, reserved 1114112K
  class space    used 5957K, committed 6272K, reserved 1048576K
}
Event: 5.303 GC heap after
{Heap after GC invocations=15 (full 0):
 garbage-first heap   total reserved 3983360K, committed 51200K, used 26434K [0x00000004dde00000, 0x00000005d1000000)
  region size 2048K, 2 young (4096K), 2 survivors (4096K)
 Metaspace       used 43310K, committed 43968K, reserved 1114112K
  class space    used 5957K, committed 6272K, reserved 1048576K
}
Event: 5.556 GC heap before
{Heap before GC invocations=15 (full 0):
 garbage-first heap   total reserved 3983360K, committed 51200K, used 40770K [0x00000004dde00000, 0x00000005d1000000)
  region size 2048K, 9 young (18432K), 2 survivors (4096K)
 Metaspace       used 45661K, committed 46336K, reserved 1114112K
  class space    used 6343K, committed 6656K, reserved 1048576K
}
Event: 5.558 GC heap after
{Heap after GC invocations=16 (full 0):
 garbage-first heap   total reserved 3983360K, committed 51200K, used 28036K [0x00000004dde00000, 0x00000005d1000000)
  region size 2048K, 2 young (4096K), 2 survivors (4096K)
 Metaspace       used 45661K, committed 46336K, reserved 1114112K
  class space    used 6343K, committed 6656K, reserved 1048576K
}
Event: 5.813 GC heap before
{Heap before GC invocations=17 (full 0):
 garbage-first heap   total reserved 3983360K, committed 51200K, used 42372K [0x00000004dde00000, 0x00000005d1000000)
  region size 2048K, 9 young (18432K), 2 survivors (4096K)
 Metaspace       used 49047K, committed 49728K, reserved 1114112K
  class space    used 6805K, committed 7104K, reserved 1048576K
}
Event: 5.815 GC heap after
{Heap after GC invocations=18 (full 0):
 garbage-first heap   total reserved 3983360K, committed 51200K, used 29210K [0x00000004dde00000, 0x00000005d1000000)
  region size 2048K, 2 young (4096K), 2 survivors (4096K)
 Metaspace       used 49047K, committed 49728K, reserved 1114112K
  class space    used 6805K, committed 7104K, reserved 1048576K
}
Event: 7.247 GC heap before
{Heap before GC invocations=18 (full 0):
 garbage-first heap   total reserved 3983360K, committed 51200K, used 41498K [0x00000004dde00000, 0x00000005d1000000)
  region size 2048K, 8 young (16384K), 2 survivors (4096K)
 Metaspace       used 49893K, committed 50624K, reserved 1114112K
  class space    used 6919K, committed 7232K, reserved 1048576K
}
Event: 7.249 GC heap after
{Heap after GC invocations=19 (full 0):
 garbage-first heap   total reserved 3983360K, committed 51200K, used 30868K [0x00000004dde00000, 0x00000005d1000000)
  region size 2048K, 1 young (2048K), 1 survivors (2048K)
 Metaspace       used 49893K, committed 50624K, reserved 1114112K
  class space    used 6919K, committed 7232K, reserved 1048576K
}
Event: 13.794 GC heap before
{Heap before GC invocations=19 (full 0):
 garbage-first heap   total reserved 3983360K, committed 51200K, used 43156K [0x00000004dde00000, 0x00000005d1000000)
  region size 2048K, 7 young (14336K), 1 survivors (2048K)
 Metaspace       used 49895K, committed 50624K, reserved 1114112K
  class space    used 6919K, committed 7232K, reserved 1048576K
}
Event: 13.796 GC heap after
{Heap after GC invocations=20 (full 0):
 garbage-first heap   total reserved 3983360K, committed 51200K, used 34944K [0x00000004dde00000, 0x00000005d1000000)
  region size 2048K, 1 young (2048K), 1 survivors (2048K)
 Metaspace       used 49895K, committed 50624K, reserved 1114112K
  class space    used 6919K, committed 7232K, reserved 1048576K
}
Event: 18.008 GC heap before
{Heap before GC invocations=21 (full 0):
 garbage-first heap   total reserved 3983360K, committed 61440K, used 43136K [0x00000004dde00000, 0x00000005d1000000)
  region size 2048K, 5 young (10240K), 1 survivors (2048K)
 Metaspace       used 49896K, committed 50624K, reserved 1114112K
  class space    used 6920K, committed 7232K, reserved 1048576K
}
Event: 18.010 GC heap after
{Heap after GC invocations=22 (full 0):
 garbage-first heap   total reserved 3983360K, committed 61440K, used 37970K [0x00000004dde00000, 0x00000005d1000000)
  region size 2048K, 1 young (2048K), 1 survivors (2048K)
 Metaspace       used 49896K, committed 50624K, reserved 1114112K
  class space    used 6920K, committed 7232K, reserved 1048576K
}
Event: 26.767 GC heap before
{Heap before GC invocations=22 (full 0):
 garbage-first heap   total reserved 3983360K, committed 61440K, used 52306K [0x00000004dde00000, 0x00000005d1000000)
  region size 2048K, 8 young (16384K), 1 survivors (2048K)
 Metaspace       used 49898K, committed 50624K, reserved 1114112K
  class space    used 6921K, committed 7232K, reserved 1048576K
}
Event: 26.770 GC heap after
{Heap after GC invocations=23 (full 0):
 garbage-first heap   total reserved 3983360K, committed 61440K, used 42657K [0x00000004dde00000, 0x00000005d1000000)
  region size 2048K, 1 young (2048K), 1 survivors (2048K)
 Metaspace       used 49898K, committed 50624K, reserved 1114112K
  class space    used 6921K, committed 7232K, reserved 1048576K
}
Event: 32.306 GC heap before
{Heap before GC invocations=23 (full 0):
 garbage-first heap   total reserved 3983360K, committed 61440K, used 52897K [0x00000004dde00000, 0x00000005d1000000)
  region size 2048K, 6 young (12288K), 1 survivors (2048K)
 Metaspace       used 49898K, committed 50624K, reserved 1114112K
  class space    used 6921K, committed 7232K, reserved 1048576K
}
Event: 32.308 GC heap after
{Heap after GC invocations=24 (full 0):
 garbage-first heap   total reserved 3983360K, committed 61440K, used 46635K [0x00000004dde00000, 0x00000005d1000000)
  region size 2048K, 1 young (2048K), 1 survivors (2048K)
 Metaspace       used 49898K, committed 50624K, reserved 1114112K
  class space    used 6921K, committed 7232K, reserved 1048576K
}

Dll operation events (12 events):
Event: 0.031 Loaded shared library D:\Jdk\bin\java.dll
Event: 0.219 Loaded shared library D:\Jdk\bin\zip.dll
Event: 0.224 Loaded shared library D:\Jdk\bin\instrument.dll
Event: 0.228 Loaded shared library D:\Jdk\bin\net.dll
Event: 0.230 Loaded shared library D:\Jdk\bin\nio.dll
Event: 0.233 Loaded shared library D:\Jdk\bin\zip.dll
Event: 0.354 Loaded shared library D:\Jdk\bin\extnet.dll
Event: 0.364 Loaded shared library D:\Jdk\bin\jimage.dll
Event: 0.382 Loaded shared library D:\Jdk\bin\management.dll
Event: 0.396 Loaded shared library D:\Jdk\bin\management_ext.dll
Event: 1.941 Loaded shared library D:\Jdk\bin\sunmscapi.dll
Event: 3.815 Loaded shared library D:\Jdk\bin\le.dll

Deoptimization events (2 events):
Event: 4.592 Thread 0x0000015349055b50 DEOPT PACKING pc=0x0000015377a5a969 sp=0x00000007f35fc3c0
Event: 4.592 Thread 0x0000015349055b50 DEOPT UNPACKING pc=0x0000015377434e42 sp=0x00000007f35fb8c8 mode 3

Classes loaded (20 events):
Event: 5.693 Loading class java/util/function/IntSupplier
Event: 5.693 Loading class java/util/function/IntSupplier done
Event: 5.694 Loading class java/util/function/LongFunction
Event: 5.694 Loading class java/util/function/LongFunction done
Event: 5.731 Loading class sun/reflect/misc/MethodUtil
Event: 5.731 Loading class sun/reflect/misc/MethodUtil done
Event: 5.732 Loading class sun/reflect/misc/MethodUtil$1
Event: 5.732 Loading class sun/reflect/misc/MethodUtil$1 done
Event: 5.732 Loading class java/security/AllPermissionCollection
Event: 5.732 Loading class java/security/AllPermissionCollection done
Event: 5.861 Loading class sun/reflect/annotation/AnnotationInvocationHandler$1
Event: 5.861 Loading class sun/reflect/annotation/AnnotationInvocationHandler$1 done
Event: 5.870 Loading class java/util/concurrent/CompletionException
Event: 5.870 Loading class java/util/concurrent/CompletionException done
Event: 5.872 Loading class java/util/concurrent/CompletableFuture$AltResult
Event: 5.872 Loading class java/util/concurrent/CompletableFuture$AltResult done
Event: 5.872 Loading class java/util/concurrent/CompletableFuture$Completion
Event: 5.872 Loading class java/util/concurrent/CompletableFuture$AsynchronousCompletionTask
Event: 5.872 Loading class java/util/concurrent/CompletableFuture$AsynchronousCompletionTask done
Event: 5.872 Loading class java/util/concurrent/CompletableFuture$Completion done

Classes unloaded (20 events):
Event: 32.328 Thread 0x0000015302c74b90 Unloading class 0x000001530400bc00 'java/lang/invoke/LambdaForm$MH+0x000001530400bc00'
Event: 32.328 Thread 0x0000015302c74b90 Unloading class 0x000001530400b800 'java/lang/invoke/LambdaForm$DMH+0x000001530400b800'
Event: 32.328 Thread 0x0000015302c74b90 Unloading class 0x000001530400b400 'java/lang/invoke/LambdaForm$DMH+0x000001530400b400'
Event: 32.328 Thread 0x0000015302c74b90 Unloading class 0x000001530400a800 'java/lang/invoke/LambdaForm$MH+0x000001530400a800'
Event: 32.328 Thread 0x0000015302c74b90 Unloading class 0x0000015304009c00 'java/lang/invoke/LambdaForm$MH+0x0000015304009c00'
Event: 32.328 Thread 0x0000015302c74b90 Unloading class 0x0000015304009800 'java/lang/invoke/LambdaForm$MH+0x0000015304009800'
Event: 32.328 Thread 0x0000015302c74b90 Unloading class 0x0000015304009400 'java/lang/invoke/LambdaForm$MH+0x0000015304009400'
Event: 32.328 Thread 0x0000015302c74b90 Unloading class 0x0000015304008c00 'java/lang/invoke/LambdaForm$MH+0x0000015304008c00'
Event: 32.328 Thread 0x0000015302c74b90 Unloading class 0x0000015304008000 'java/lang/invoke/LambdaForm$MH+0x0000015304008000'
Event: 32.328 Thread 0x0000015302c74b90 Unloading class 0x0000015304006c00 'java/lang/invoke/LambdaForm$MH+0x0000015304006c00'
Event: 32.328 Thread 0x0000015302c74b90 Unloading class 0x0000015304006800 'java/lang/invoke/LambdaForm$MH+0x0000015304006800'
Event: 32.328 Thread 0x0000015302c74b90 Unloading class 0x0000015304006000 'java/lang/invoke/LambdaForm$MH+0x0000015304006000'
Event: 32.328 Thread 0x0000015302c74b90 Unloading class 0x0000015304005800 'java/lang/invoke/LambdaForm$MH+0x0000015304005800'
Event: 32.328 Thread 0x0000015302c74b90 Unloading class 0x0000015304005000 'java/lang/invoke/LambdaForm$MH+0x0000015304005000'
Event: 32.328 Thread 0x0000015302c74b90 Unloading class 0x0000015304004800 'java/lang/invoke/LambdaForm$MH+0x0000015304004800'
Event: 32.328 Thread 0x0000015302c74b90 Unloading class 0x0000015304004000 'java/lang/invoke/LambdaForm$MH+0x0000015304004000'
Event: 32.328 Thread 0x0000015302c74b90 Unloading class 0x0000015304002400 'java/lang/invoke/LambdaForm$MH+0x0000015304002400'
Event: 32.328 Thread 0x0000015302c74b90 Unloading class 0x0000015304002000 'java/lang/invoke/LambdaForm$MH+0x0000015304002000'
Event: 32.328 Thread 0x0000015302c74b90 Unloading class 0x0000015304001c00 'java/lang/invoke/LambdaForm$MH+0x0000015304001c00'
Event: 32.328 Thread 0x0000015302c74b90 Unloading class 0x0000015304001400 'java/lang/invoke/LambdaForm$MH+0x0000015304001400'

Classes redefined (0 events):
No events

Internal exceptions (20 events):
Event: 4.264 Thread 0x0000015349055b50 Exception <a 'java/io/FileNotFoundException'{0x00000004df8e97e0}> (0x00000004df8e97e0) 
thrown [s\open\src\hotspot\share\prims\jni.cpp, line 520]
Event: 4.307 Thread 0x0000015349055b50 Exception <a 'java/lang/NoSuchMethodError'{0x00000004ed024618}: 'void java.lang.invoke.Invokers$Holder.invokeExact_MT(java.lang.Object, java.lang.Object, java.lang.Object, java.lang.Object)'> (0x00000004ed024618) 
thrown [s\open\src\hotspot\share\interpreter\linkResolver.cpp, line 774]
Event: 4.518 Thread 0x0000015349055b50 Exception <a 'java/lang/IncompatibleClassChangeError'{0x00000004e0200478}: Found class java.lang.Object, but interface was expected> (0x00000004e0200478) 
thrown [s\open\src\hotspot\share\interpreter\linkResolver.cpp, line 841]
Event: 4.573 Thread 0x0000015349055b50 Exception <a 'java/lang/NoSuchMethodError'{0x00000004dff28de0}: 'java.lang.Object java.lang.invoke.DirectMethodHandle$Holder.newInvokeSpecial(java.lang.Object, java.lang.Object, java.lang.Object, java.lang.Object, java.lang.Object, java.lang.Object, java.lang.Object, java.lang.Object, java.lang.Object, java.lang.Object, java.lang.Object)'> (0x00000004dff28de0) 
thrown [s\open\src\hotspot\share\interpreter\linkResolver.cpp, line 774]
Event: 4.726 Thread 0x0000015349055b50 Exception <a 'java/lang/NoSuchMethodError'{0x00000004ed18a8b0}: 'int java.lang.invoke.Invokers$Holder.invokeExact_MT(java.lang.Object, java.lang.Object, java.lang.Object)'> (0x00000004ed18a8b0) 
thrown [s\open\src\hotspot\share\interpreter\linkResolver.cpp, line 774]
Event: 4.820 Thread 0x0000015349055b50 Exception <a 'java/lang/NoSuchMethodError'{0x00000004ecfd1768}: 'java.lang.Object java.lang.invoke.DirectMethodHandle$Holder.newInvokeSpecial(java.lang.Object, java.lang.Object, int)'> (0x00000004ecfd1768) 
thrown [s\open\src\hotspot\share\interpreter\linkResolver.cpp, line 774]
Event: 4.919 Thread 0x0000015349055b50 Exception <a 'java/lang/NoSuchMethodError'{0x00000004ea18cac8}: 'java.lang.Object java.lang.invoke.DirectMethodHandle$Holder.invokeInterface(java.lang.Object, java.lang.Object, java.lang.Object, java.lang.Object)'> (0x00000004ea18cac8) 
thrown [s\open\src\hotspot\share\interpreter\linkResolver.cpp, line 774]
Event: 4.974 Thread 0x0000015349055b50 Exception <a 'java/lang/NoSuchMethodError'{0x00000004e05761a8}: 'java.lang.Object java.lang.invoke.DirectMethodHandle$Holder.newInvokeSpecial(java.lang.Object, java.lang.Object, java.lang.Object, java.lang.Object, java.lang.Object, java.lang.Object)'> (0x00000004e05761a8) 
thrown [s\open\src\hotspot\share\interpreter\linkResolver.cpp, line 774]
Event: 4.980 Thread 0x0000015349055b50 Exception <a 'java/lang/NoSuchMethodError'{0x00000004e05c43b0}: 'java.lang.Object java.lang.invoke.DirectMethodHandle$Holder.newInvokeSpecial(java.lang.Object, java.lang.Object, java.lang.Object, java.lang.Object, java.lang.Object, java.lang.Object, java.lang.Object, java.lang.Object)'> (0x00000004e05c43b0) 
thrown [s\open\src\hotspot\share\interpreter\linkResolver.cpp, line 774]
Event: 5.103 Thread 0x0000015349055b50 Exception <a 'java/lang/NoSuchMethodError'{0x00000004ecfbcf20}: 'java.lang.Object java.lang.invoke.DirectMethodHandle$Holder.invokeVirtual(java.lang.Object, java.lang.Object, java.lang.Object, java.lang.Object, java.lang.Object, java.lang.Object, java.lang.Object)'> (0x00000004ecfbcf20) 
thrown [s\open\src\hotspot\share\interpreter\linkResolver.cpp, line 774]
Event: 5.295 Thread 0x0000015349055b50 Exception <a 'java/lang/IncompatibleClassChangeError'{0x00000004e01841f0}: Found class java.lang.Object, but interface was expected> (0x00000004e01841f0) 
thrown [s\open\src\hotspot\share\interpreter\linkResolver.cpp, line 841]
Event: 5.343 Thread 0x0000015349055b50 Exception <a 'java/lang/NoSuchMethodError'{0x00000004ed1bf008}: 'void java.lang.invoke.DirectMethodHandle$Holder.invokeVirtual(java.lang.Object, java.lang.Object, long)'> (0x00000004ed1bf008) 
thrown [s\open\src\hotspot\share\interpreter\linkResolver.cpp, line 774]
Event: 5.407 Thread 0x0000015349055b50 Exception <a 'java/lang/NoSuchMethodError'{0x00000004ea572d20}: 'int java.lang.invoke.DirectMethodHandle$Holder.invokeStaticInit(java.lang.Object, java.lang.Object, java.lang.Object, java.lang.Object)'> (0x00000004ea572d20) 
thrown [s\open\src\hotspot\share\interpreter\linkResolver.cpp, line 774]
Event: 5.443 Thread 0x0000015349055b50 Exception <a 'java/lang/NoSuchMethodError'{0x00000004ea3eca80}: 'java.lang.Object java.lang.invoke.DirectMethodHandle$Holder.invokeVirtual(java.lang.Object, java.lang.Object, java.lang.Object, java.lang.Object, java.lang.Object, java.lang.Object, java.lang.Object, java.lang.Object, java.lang.Object)'> (0x00000004ea3eca80) 
thrown [s\open\src\hotspot\share\interpreter\linkResolver.cpp, line 774]
Event: 5.473 Thread 0x0000015349055b50 Exception <a 'java/lang/NoSuchMethodError'{0x00000004ea183d90}: 'java.lang.Object java.lang.invoke.DirectMethodHandle$Holder.invokeVirtual(java.lang.Object, java.lang.Object, java.lang.Object, java.lang.Object, java.lang.Object, java.lang.Object, java.lang.Object, java.lang.Object, java.lang.Object, java.lang.Object)'> (0x00000004ea183d90) 
thrown [s\open\src\hotspot\share\interpreter\linkResolver.cpp, line 774]
Event: 5.695 Thread 0x0000015349055b50 Exception <a 'java/lang/NoSuchMethodError'{0x00000004ea214ce8}: 'java.lang.Object java.lang.invoke.DirectMethodHandle$Holder.invokeStaticInit(java.lang.Object, long)'> (0x00000004ea214ce8) 
thrown [s\open\src\hotspot\share\interpreter\linkResolver.cpp, line 774]
Event: 5.777 Thread 0x0000015349055b50 Exception <a 'java/lang/IncompatibleClassChangeError'{0x00000004e055c0c8}: Found class java.lang.Object, but interface was expected> (0x00000004e055c0c8) 
thrown [s\open\src\hotspot\share\interpreter\linkResolver.cpp, line 841]
Event: 5.784 Thread 0x0000015349055b50 Exception <a 'java/lang/IncompatibleClassChangeError'{0x00000004e02101f0}: Found class java.lang.Object, but interface was expected> (0x00000004e02101f0) 
thrown [s\open\src\hotspot\share\interpreter\linkResolver.cpp, line 841]
Event: 5.799 Thread 0x0000015349055b50 Exception <a 'java/lang/IncompatibleClassChangeError'{0x00000004e03017c8}: Found class java.lang.Object, but interface was expected> (0x00000004e03017c8) 
thrown [s\open\src\hotspot\share\interpreter\linkResolver.cpp, line 841]
Event: 5.905 Thread 0x0000015349055b50 Exception <a 'java/lang/IncompatibleClassChangeError'{0x00000004ea04c4c0}: Found class java.lang.Object, but interface was expected> (0x00000004ea04c4c0) 
thrown [s\open\src\hotspot\share\interpreter\linkResolver.cpp, line 841]

ZGC Phase Switch (0 events):
No events

VM Operations (20 events):
Event: 13.818 Executing VM operation: G1PauseCleanup done
Event: 14.825 Executing VM operation: Cleanup
Event: 14.825 Executing VM operation: Cleanup done
Event: 18.008 Executing VM operation: G1CollectForAllocation (G1 Evacuation Pause)
Event: 18.010 Executing VM operation: G1CollectForAllocation (G1 Evacuation Pause) done
Event: 23.048 Executing VM operation: Cleanup
Event: 23.048 Executing VM operation: Cleanup done
Event: 24.055 Executing VM operation: Cleanup
Event: 24.055 Executing VM operation: Cleanup done
Event: 26.767 Executing VM operation: G1CollectForAllocation (G1 Evacuation Pause)
Event: 26.770 Executing VM operation: G1CollectForAllocation (G1 Evacuation Pause) done
Event: 27.772 Executing VM operation: Cleanup
Event: 27.772 Executing VM operation: Cleanup done
Event: 28.779 Executing VM operation: Cleanup
Event: 28.779 Executing VM operation: Cleanup done
Event: 29.787 Executing VM operation: Cleanup
Event: 29.787 Executing VM operation: Cleanup done
Event: 32.306 Executing VM operation: G1CollectForAllocation (G1 Evacuation Pause)
Event: 32.308 Executing VM operation: G1CollectForAllocation (G1 Evacuation Pause) done
Event: 32.328 Executing VM operation: G1PauseRemark

Events (20 events):
Event: 29.285 Thread 0x00000153489b3850 Thread added: 0x00000153489b3850
Event: 29.286 Thread 0x00000153489b3850 Thread exited: 0x00000153489b3850
Event: 29.788 Thread 0x00000153489b24a0 Thread added: 0x00000153489b24a0
Event: 29.790 Thread 0x00000153489b24a0 Thread exited: 0x00000153489b24a0
Event: 30.292 Thread 0x00000153489b5920 Thread added: 0x00000153489b5920
Event: 30.293 Thread 0x00000153489b5920 Thread exited: 0x00000153489b5920
Event: 30.794 Thread 0x00000153489b4570 Thread added: 0x00000153489b4570
Event: 30.796 Thread 0x00000153489b4570 Thread exited: 0x00000153489b4570
Event: 31.298 Thread 0x00000153489b2b30 Thread added: 0x00000153489b2b30
Event: 31.301 Thread 0x00000153489b2b30 Thread exited: 0x00000153489b2b30
Event: 31.802 Thread 0x00000153489b3850 Thread added: 0x00000153489b3850
Event: 31.804 Thread 0x00000153489b3850 Thread exited: 0x00000153489b3850
Event: 32.306 Thread 0x00000153489b5920 Thread added: 0x00000153489b5920
Event: 32.310 Thread 0x00000153489b5920 Thread exited: 0x00000153489b5920
Event: 32.310 Thread 0x000001534809a540 Thread exited: 0x000001534809a540
Event: 32.332 Thread 0x0000015302c74b90 flushing nmethod 0x00000153777ea210
Event: 32.332 Thread 0x0000015302c74b90 flushing nmethod 0x0000015377a39110
Event: 32.332 Thread 0x0000015302c74b90 flushing nmethod 0x0000015377a36210
Event: 32.332 Thread 0x0000015302c74b90 flushing nmethod 0x0000015377cb3590
Event: 32.332 Thread 0x0000015302c74b90 flushing nmethod 0x00000153778b9c10


Dynamic libraries:
0x00007ff66b480000 - 0x00007ff66b490000 	D:\Jdk\bin\java.exe
0x00007ffc32ae0000 - 0x00007ffc32d48000 	C:\WINDOWS\SYSTEM32\ntdll.dll
0x00007ffc309e0000 - 0x00007ffc30aa9000 	C:\WINDOWS\System32\KERNEL32.DLL
0x00007ffc2f6b0000 - 0x00007ffc2faa1000 	C:\WINDOWS\System32\KERNELBASE.dll
0x00007ffc30450000 - 0x00007ffc3059b000 	C:\WINDOWS\System32\ucrtbase.dll
0x00007ffc2aeb0000 - 0x00007ffc2aecb000 	D:\Jdk\bin\VCRUNTIME140.dll
0x00007ffc29930000 - 0x00007ffc29947000 	D:\Jdk\bin\jli.dll
0x00007ffc32210000 - 0x00007ffc322c4000 	C:\WINDOWS\System32\ADVAPI32.dll
0x00007ffc31dc0000 - 0x00007ffc31e69000 	C:\WINDOWS\System32\msvcrt.dll
0x00007ffc324a0000 - 0x00007ffc32546000 	C:\WINDOWS\System32\sechost.dll
0x00007ffc30be0000 - 0x00007ffc30cf8000 	C:\WINDOWS\System32\RPCRT4.dll
0x00007ffc322d0000 - 0x00007ffc32496000 	C:\WINDOWS\System32\USER32.dll
0x00007ffc1e0f0000 - 0x00007ffc1e383000 	C:\WINDOWS\WinSxS\amd64_microsoft.windows.common-controls_6595b64144ccf1df_6.0.26100.7824_none_3e0870b2e3345462\COMCTL32.dll
0x00007ffc305a0000 - 0x00007ffc305c7000 	C:\WINDOWS\System32\win32u.dll
0x00007ffc309b0000 - 0x00007ffc309db000 	C:\WINDOWS\System32\GDI32.dll
0x00007ffc2fab0000 - 0x00007ffc2fbdb000 	C:\WINDOWS\System32\gdi32full.dll
0x00007ffc2f3c0000 - 0x00007ffc2f463000 	C:\WINDOWS\System32\msvcp_win.dll
0x00007ffc27d50000 - 0x00007ffc27d5b000 	C:\WINDOWS\SYSTEM32\VERSION.dll
0x00007ffc329e0000 - 0x00007ffc32a11000 	C:\WINDOWS\System32\IMM32.DLL
0x00007ffc2ae00000 - 0x00007ffc2ae0c000 	D:\Jdk\bin\vcruntime140_1.dll
0x00007ffc1fe50000 - 0x00007ffc1fede000 	D:\Jdk\bin\msvcp140.dll
0x00007ffbb1c40000 - 0x00007ffbb2987000 	D:\Jdk\bin\server\jvm.dll
0x00007ffc30b40000 - 0x00007ffc30bb4000 	C:\WINDOWS\System32\WS2_32.dll
0x00007ffc2f220000 - 0x00007ffc2f27e000 	C:\WINDOWS\SYSTEM32\POWRPROF.dll
0x00007ffc27d10000 - 0x00007ffc27d45000 	C:\WINDOWS\SYSTEM32\WINMM.dll
0x00007ffc2f200000 - 0x00007ffc2f214000 	C:\WINDOWS\SYSTEM32\UMPDC.dll
0x00007ffc2e160000 - 0x00007ffc2e17b000 	C:\WINDOWS\SYSTEM32\kernel.appcore.dll
0x00007ffc29920000 - 0x00007ffc2992a000 	D:\Jdk\bin\jimage.dll
0x00007ffc24d10000 - 0x00007ffc24f52000 	C:\WINDOWS\SYSTEM32\DBGHELP.DLL
0x00007ffc31110000 - 0x00007ffc31496000 	C:\WINDOWS\System32\combase.dll
0x00007ffc31ce0000 - 0x00007ffc31db7000 	C:\WINDOWS\System32\OLEAUT32.dll
0x00007ffc1c920000 - 0x00007ffc1c95b000 	C:\WINDOWS\SYSTEM32\dbgcore.DLL
0x00007ffc30660000 - 0x00007ffc30705000 	C:\WINDOWS\System32\bcryptPrimitives.dll
0x00007ffc28970000 - 0x00007ffc2897f000 	D:\Jdk\bin\instrument.dll
0x00007ffc242d0000 - 0x00007ffc242ee000 	D:\Jdk\bin\java.dll
0x00007ffc31570000 - 0x00007ffc31cc2000 	C:\WINDOWS\System32\SHELL32.dll
0x00007ffc30710000 - 0x00007ffc3087a000 	C:\WINDOWS\System32\wintypes.dll
0x00007ffc30e00000 - 0x00007ffc30f97000 	C:\WINDOWS\System32\ole32.dll
0x00007ffc2fbe0000 - 0x00007ffc30443000 	C:\WINDOWS\System32\windows.storage.dll
0x00007ffc30d00000 - 0x00007ffc30df6000 	C:\WINDOWS\System32\SHCORE.dll
0x00007ffc31e80000 - 0x00007ffc31ee7000 	C:\WINDOWS\System32\shlwapi.dll
0x00007ffc2f2e0000 - 0x00007ffc2f309000 	C:\WINDOWS\SYSTEM32\profapi.dll
0x00007ffc23480000 - 0x00007ffc23497000 	D:\Jdk\bin\zip.dll
0x00007ffc28960000 - 0x00007ffc28970000 	D:\Jdk\bin\net.dll
0x00007ffc2e6d0000 - 0x00007ffc2e73b000 	C:\WINDOWS\system32\mswsock.dll
0x00007ffc242b0000 - 0x00007ffc242c6000 	D:\Jdk\bin\nio.dll
0x00007ffc233d0000 - 0x00007ffc233d9000 	D:\Jdk\bin\extnet.dll
0x00007ffc2dc70000 - 0x00007ffc2dd9c000 	C:\WINDOWS\SYSTEM32\DNSAPI.dll
0x00007ffc2dbd0000 - 0x00007ffc2dc04000 	C:\WINDOWS\SYSTEM32\IPHLPAPI.DLL
0x00007ffc32140000 - 0x00007ffc3214a000 	C:\WINDOWS\System32\NSI.dll
0x00007ffc29130000 - 0x00007ffc2913b000 	C:\Windows\System32\rasadhlp.dll
0x00007ffc2a8e0000 - 0x00007ffc2a966000 	C:\WINDOWS\System32\fwpuclnt.dll
0x00007ffc233c0000 - 0x00007ffc233ca000 	D:\Jdk\bin\management.dll
0x00007ffc06c00000 - 0x00007ffc06c0b000 	D:\Jdk\bin\management_ext.dll
0x00007ffc31e70000 - 0x00007ffc31e78000 	C:\WINDOWS\System32\PSAPI.DLL
0x00007ffc2e9a0000 - 0x00007ffc2e9bb000 	C:\WINDOWS\SYSTEM32\CRYPTSP.dll
0x00007ffc2e0c0000 - 0x00007ffc2e0f9000 	C:\WINDOWS\system32\rsaenh.dll
0x00007ffc2e780000 - 0x00007ffc2e7ab000 	C:\WINDOWS\SYSTEM32\USERENV.dll
0x00007ffc2f2b0000 - 0x00007ffc2f2da000 	C:\WINDOWS\SYSTEM32\bcrypt.dll
0x00007ffc2e9c0000 - 0x00007ffc2e9cc000 	C:\WINDOWS\SYSTEM32\CRYPTBASE.dll
0x00007ffc116d0000 - 0x00007ffc116e8000 	C:\WINDOWS\system32\napinsp.dll
0x00007ffc10b40000 - 0x00007ffc10b52000 	C:\WINDOWS\System32\winrnr.dll
0x00007ffc10b10000 - 0x00007ffc10b32000 	C:\WINDOWS\system32\nlansp_c.dll
0x00007ffc105b0000 - 0x00007ffc105c6000 	C:\WINDOWS\system32\wshbth.dll
0x00007ffc28330000 - 0x00007ffc2833e000 	D:\Jdk\bin\sunmscapi.dll
0x00007ffc2f530000 - 0x00007ffc2f6a7000 	C:\WINDOWS\System32\CRYPT32.dll
0x00007ffc2ebc0000 - 0x00007ffc2ebf0000 	C:\WINDOWS\SYSTEM32\ncrypt.dll
0x00007ffc2eb70000 - 0x00007ffc2ebaf000 	C:\WINDOWS\SYSTEM32\NTASN1.dll
0x00007ffc01d70000 - 0x00007ffc01d7b000 	D:\Jdk\bin\le.dll

dbghelp: loaded successfully - version: 4.0.5 - missing functions: none
symbol engine: initialized successfully - sym options: 0x614 - pdb path: .;D:\Jdk\bin;C:\WINDOWS\SYSTEM32;C:\WINDOWS\WinSxS\amd64_microsoft.windows.common-controls_6595b64144ccf1df_6.0.26100.7824_none_3e0870b2e3345462;D:\Jdk\bin\server

VM Arguments:
jvm_args: -XX:TieredStopAtLevel=1 -Dspring.output.ansi.enabled=always -Dcom.sun.management.jmxremote -Dspring.jmx.enabled=true -Dspring.liveBeansView.mbeanDomain -Dspring.application.admin.enabled=true -Dmanagement.endpoints.jmx.exposure.include=* -javaagent:D:\JetBrains\IntelliJ IDEA 2025.2\lib\idea_rt.jar=63456 -Dfile.encoding=UTF-8 -Dsun.stdout.encoding=UTF-8 -Dsun.stderr.encoding=UTF-8 
java_command: com.feng.graduationproject.GraduationProjectApplication
java_class_path (initial): D:\IDEA_Project\GraduationProject\backend\target\classes;D:\BaiduNetdiskDownload\apache-maven-3.9.4-bin\apache-maven-3.9.4\mvn_repo\org\springframework\boot\spring-boot-starter-web\3.2.4\spring-boot-starter-web-3.2.4.jar;D:\BaiduNetdiskDownload\apache-maven-3.9.4-bin\apache-maven-3.9.4\mvn_repo\org\springframework\boot\spring-boot-starter\3.2.4\spring-boot-starter-3.2.4.jar;D:\BaiduNetdiskDownload\apache-maven-3.9.4-bin\apache-maven-3.9.4\mvn_repo\org\springframework\boot\spring-boot-starter-logging\3.2.4\spring-boot-starter-logging-3.2.4.jar;D:\BaiduNetdiskDownload\apache-maven-3.9.4-bin\apache-maven-3.9.4\mvn_repo\ch\qos\logback\logback-classic\1.4.14\logback-classic-1.4.14.jar;D:\BaiduNetdiskDownload\apache-maven-3.9.4-bin\apache-maven-3.9.4\mvn_repo\ch\qos\logback\logback-core\1.4.14\logback-core-1.4.14.jar;D:\BaiduNetdiskDownload\apache-maven-3.9.4-bin\apache-maven-3.9.4\mvn_repo\org\apache\logging\log4j\log4j-to-slf4j\2.21.1\log4j-to-slf4j-2.21.1.jar;D:\BaiduNetdiskDownload\apache-maven-3.9.4-bin\apache-maven-3.9.4\mvn_repo\org\apache\logging\log4j\log4j-api\2.21.1\log4j-api-2.21.1.jar;D:\BaiduNetdiskDownload\apache-maven-3.9.4-bin\apache-maven-3.9.4\mvn_repo\org\slf4j\jul-to-slf4j\2.0.12\jul-to-slf4j-2.0.12.jar;D:\BaiduNetdiskDownload\apache-maven-3.9.4-bin\apache-maven-3.9.4\mvn_repo\jakarta\annotation\jakarta.annotation-api\2.1.1\jakarta.annotation-api-2.1.1.jar;D:\BaiduNetdiskDownload\apache-maven-3.9.4-bin\apache-maven-3.9.4\mvn_repo\org\yaml\snakeyaml\2.2\snakeyaml-2.2.jar;D:\BaiduNetdiskDownload\apache-maven-3.9.4-bin\apache-maven-3.9.4\mvn_repo\org\springframework\boot\spring-boot-starter-json\3.2.4\spring-boot-starter-json-3.2.4.jar;D:\BaiduNetdiskDownload\apache-maven-3.9.4-bin\apache-maven-3.9.4\mvn_repo\com\fasterxml\jackson\core\jackson-databind\2.15.4\jackson-databind-2.15.4.jar;D:\BaiduNetdiskDownload\apache-maven-3.9.4-bin\apache-maven-3.9.4\mvn_repo\com\fasterxml\jackson\core\jackson-annotations\2.15.4\jackson-annotations-2.15.4.jar;D:\BaiduNetdiskDownload\apache-maven-3.9.4-bin\apache-maven-3.9.4\mvn_repo\com\fasterxml\jackson\core\jackson-core\2.15.4\jackson-core-2.15.4.jar;D:\BaiduNetdiskDownload\apache-maven-3.9.4-bin\apache-maven-3.9.4\mvn_repo\com\fasterxml\jackson\datatype\jackson-datatype-jdk8\2.15.4\jackson-datatype-jdk8-2.15.4.jar;D:\BaiduNetdiskDownload\apache-maven-3.9.4-bin\apache-maven-3.9.4\mvn_repo\com\fasterxml\jackson\datatype\jackson-datatype-jsr310\2.15.4\jackson-datatype-jsr310-2.15.4.jar;D:\BaiduNetdiskDownload\apache-maven-3.9.4-bin\apache-maven-3.9.4\mvn_repo\com\fasterxml\jackson\module\jackson-module-parameter-names\2.15.4\jackson-module-parameter-names-2.15.4.jar;D:\BaiduNetdiskDownload\apache-maven-3.9.4-bin\apache-maven-3.9.4\mvn_repo\org\springframework\boot\spring-boot-starter-tomcat\3.2.4\spring-boot-starter-tomcat-3.2.4.jar;D:\BaiduNetdiskDownload\apache-maven-3.9.4-bin\apache-maven-3.9.4\mvn_repo\org\apache\tomcat\embed\tomcat-embed-core\10.1.19\tomcat-embed-core-10.1.19.jar;D:\BaiduNetdiskDownload\apache-maven-3.9.4-bin\apache-maven-3.9.4\mvn_repo\org\apache\tomcat\embed\tomcat-embed-websocket\10.1.19\tomcat-embed-websocket-10.1.19.jar;D:\BaiduNetdiskDownload\apache-maven-3.9.4-bin\apache-maven-3.9.4\mvn_repo\org\springframework\spring-web\6.1.5\spring-web-6.1.5.jar;D:\BaiduNetdiskDownload\apache-maven-3.9.4-bin\apache-maven-3.9.4\mvn_repo\org\springframework\spring-beans\6.1.5\spring-beans-6.1.5.jar;D:\BaiduNetdiskDownload\apache-maven-3.9.4-bin\apache-maven-3.9.4\mvn_repo\io\micrometer\micrometer-observation\1.12.4\micrometer-observation-1.12.4.jar;D:\BaiduNetdiskDownload\apache-maven-3.9.4-bin\apache-maven-3.9.4\mvn_repo\io\micrometer\micrometer-commons\1.12.4\micrometer-commons-1.12.4.jar;D:\BaiduNetdiskDownload\apache-maven-3.9.4-bin\apache-maven-3.9.4\mvn_repo\org\springframework\spring-webmvc\6.1.5\spring-webmvc-6.1.5.jar;D:\BaiduNetdiskDownload\apache-maven-3.9.4-bin\apache-maven-3.9.4\mvn_repo\org\springframework\spring-aop\6.1.5\spring-aop-6.1.5.jar;D:\BaiduNetdiskDownload\apache-maven-3.9.4-bin\apache-maven-3.9.4\mvn_repo\org\springframework\spring-context\6.1.5\spring-context-6.1.5.jar;D:\BaiduNetdiskDownload\apache-maven-3.9.4-bin\apache-maven-3.9.4\mvn_repo\org\springframework\spring-expression\6.1.5\spring-expression-6.1.5.jar;D:\BaiduNetdiskDownload\apache-maven-3.9.4-bin\apache-maven-3.9.4\mvn_repo\org\springframework\boot\spring-boot-starter-validation\3.2.4\spring-boot-starter-validation-3.2.4.jar;D:\BaiduNetdiskDownload\apache-maven-3.9.4-bin\apache-maven-3.9.4\mvn_repo\org\apache\tomcat\embed\tomcat-embed-el\10.1.19\tomcat-embed-el-10.1.19.jar;D:\BaiduNetdiskDownload\apache-maven-3.9.4-bin\apache-maven-3.9.4\mvn_repo\org\hibernate\validator\hibernate-validator\8.0.1.Final\hibernate-validator-8.0.1.Final.jar;D:\BaiduNetdiskDownload\apache-maven-3.9.4-bin\apache-maven-3.9.4\mvn_repo\jakarta\validation\jakarta.validation-api\3.0.2\jakarta.validation-api-3.0.2.jar;D:\BaiduNetdiskDownload\apache-maven-3.9.4-bin\apache-maven-3.9.4\mvn_repo\org\jboss\logging\jboss-logging\3.5.3.Final\jboss-logging-3.5.3.Final.jar;D:\BaiduNetdiskDownload\apache-maven-3.9.4-bin\apache-maven-3.9.4\mvn_repo\com\fasterxml\classmate\1.6.0\classmate-1.6.0.jar;D:\BaiduNetdiskDownload\apache-maven-3.9.4-bin\apache-maven-3.9.4\mvn_repo\org\springframework\boot\spring-boot-starter-data-redis\3.2.4\spring-boot-starter-data-redis-3.2.4.jar;D:\BaiduNetdiskDownload\apache-maven-3.9.4-bin\apache-maven-3.9.4\mvn_repo\io\lettuce\lettuce-core\6.3.2.RELEASE\lettuce-core-6.3.2.RELEASE.jar;D:\BaiduNetdiskDownload\apache-maven-3.9.4-bin\apache-maven-3.9.4\mvn_repo\io\netty\netty-common\4.1.107.Final\netty-common-4.1.107.Final.jar;D:\BaiduNetdiskDownload\apache-maven-3.9.4-bin\apache-maven-3.9.4\mvn_repo\io\netty\netty-handler\4.1.107.Final\netty-handler-4.1.107.Final.jar;D:\BaiduNetdiskDownload\apache-maven-3.9.4-bin\apache-maven-3.9.4\mvn_repo\io\netty\netty-resolver\4.1.107.Final\netty-resolver-4.1.107.Final.jar;D:\BaiduNetdiskDownload\apache-maven-3.9.4-bin\apache-maven-3.9.4\mvn_repo\io\netty\netty-buffer\4.1.107.Final\netty-buffer-4.1.107.Final.jar;D:\BaiduNetdiskDownload\apache-maven-3.9.4-bin\apache-maven-3.9.4\mvn_repo\io\netty\netty-transport-native-unix-common\4.1.107.Final\netty-transport-native-unix-common-4.1.107.Final.jar;D:\BaiduNetdiskDownload\apache-maven-3.9.4-bin\apache-maven-3.9.4\mvn_repo\io\netty\netty-codec\4.1.107.Final\netty-codec-4.1.107.Final.jar;D:\BaiduNetdiskDownload\apache-maven-3.9.4-bin\apache-maven-3.9.4\mvn_repo\io\netty\netty-transport\4.1.107.Final\netty-transport-4.1.107.Final.jar;D:\BaiduNetdiskDownload\apache-maven-3.9.4-bin\apache-maven-3.9.4\mvn_repo\io\projectreactor\reactor-core\3.6.4\reactor-core-3.6.4.jar;D:\BaiduNetdiskDownload\apache-maven-3.9.4-bin\apache-maven-3.9.4\mvn_repo\org\reactivestreams\reactive-streams\1.0.4\reactive-streams-1.0.4.jar;D:\BaiduNetdiskDownload\apache-maven-3.9.4-bin\apache-maven-3.9.4\mvn_repo\org\springframework\data\spring-data-redis\3.2.4\spring-data-redis-3.2.4.jar;D:\BaiduNetdiskDownload\apache-maven-3.9.4-bin\apache-maven-3.9.4\mvn_repo\org\springframework\data\spring-data-keyvalue\3.2.4\spring-data-keyvalue-3.2.4.jar;D:\BaiduNetdiskDownload\apache-maven-3.9.4-bin\apache-maven-3.9.4\mvn_repo\org\springframework\data\spring-data-commons\3.2.4\spring-data-commons-3.2.4.jar;D:\BaiduNetdiskDownload\apache-maven-3.9.4-bin\apache-maven-3.9.4\mvn_repo\org\springframework\spring-tx\6.1.5\spring-tx-6.1.5.jar;D:\BaiduNetdiskDownload\apache-maven-3.9.4-bin\apache-maven-3.9.4\mvn_repo\org\springframework\spring-oxm\6.1.5\spring-oxm-6.1.5.jar;D:\BaiduNetdiskDownload\apache-maven-3.9.4-bin\apache-maven-3.9.4\mvn_repo\org\springframework\spring-context-support\6.1.5\spring-context-support-6.1.5.jar;D:\BaiduNetdiskDownload\apache-maven-3.9.4-bin\apache-maven-3.9.4\mvn_repo\com\mysql\mysql-connector-j\8.3.0\mysql-connector-j-8.3.0.jar;D:\BaiduNetdiskDownload\apache-maven-3.9.4-bin\apache-maven-3.9.4\mvn_repo\com\alibaba\druid-spring-boot-3-starter\1.2.20\druid-spring-boot-3-starter-1.2.20.jar;D:\BaiduNetdiskDownload\apache-maven-3.9.4-bin\apache-maven-3.9.4\mvn_repo\com\alibaba\druid\1.2.20\druid-1.2.20.jar;D:\BaiduNetdiskDownload\apache-maven-3.9.4-bin\apache-maven-3.9.4\mvn_repo\org\slf4j\slf4j-api\2.0.12\slf4j-api-2.0.12.jar;D:\BaiduNetdiskDownload\apache-maven-3.9.4-bin\apache-maven-3.9.4\mvn_repo\org\springframework\boot\spring-boot-autoconfigure\3.2.4\spring-boot-autoconfigure-3.2.4.jar;D:\BaiduNetdiskDownload\apache-maven-3.9.4-bin\apache-maven-3.9.4\mvn_repo\com\baomidou\mybatis-plus-spring-boot3-starter\3.5.5\mybatis-plus-spring-boot3-starter-3.5.5.jar;D:\BaiduNetdiskDownload\apache-maven-3.9.4-bin\apache-maven-3.9.4\mvn_repo\com\baomidou\mybatis-plus\3.5.5\mybatis-plus-3.5.5.jar;D:\BaiduNetdiskDownload\apache-maven-3.9.4-bin\apache-maven-3.9.4\mvn_repo\com\baomidou\mybatis-plus-core\3.5.5\mybatis-plus-core-3.5.5.jar;D:\BaiduNetdiskDownload\apache-maven-3.9.4-bin\apache-maven-3.9.4\mvn_repo\com\baomidou\mybatis-plus-annotation\3.5.5\mybatis-plus-annotation-3.5.5.jar;D:\BaiduNetdiskDownload\apache-maven-3.9.4-bin\apache-maven-3.9.4\mvn_repo\com\baomidou\mybatis-plus-extension\3.5.5\mybatis-plus-extension-3.5.5.jar;D:\BaiduNetdiskDownload\apache-maven-3.9.4-bin\apache-maven-3.9.4\mvn_repo\org\mybatis\mybatis\3.5.15\mybatis-3.5.15.jar;D:\BaiduNetdiskDownload\apache-maven-3.9.4-bin\apache-maven-3.9.4\mvn_repo\com\github\jsqlparser\jsqlparser\4.6\jsqlparser-4.6.jar;D:\BaiduNetdiskDownload\apache-maven-3.9.4-bin\apache-maven-3.9.4\mvn_repo\org\mybatis\mybatis-spring\3.0.3\mybatis-spring-3.0.3.jar;D:\BaiduNetdiskDownload\apache-maven-3.9.4-bin\apache-maven-3.9.4\mvn_repo\com\baomidou\mybatis-plus-spring-boot-autoconfigure\3.5.5\mybatis-plus-spring-boot-autoconfigure-3.5.5.jar;D:\BaiduNetdiskDownload\apache-maven-3.9.4-bin\apache-maven-3.9.4\mvn_repo\org\springframework\boot\spring-boot-starter-jdbc\3.2.4\spring-boot-starter-jdbc-3.2.4.jar;D:\BaiduNetdiskDownload\apache-maven-3.9.4-bin\apache-maven-3.9.4\mvn_repo\com\zaxxer\HikariCP\5.0.1\HikariCP-5.0.1.jar;D:\BaiduNetdiskDownload\apache-maven-3.9.4-bin\apache-maven-3.9.4\mvn_repo\org\springframework\spring-jdbc\6.1.5\spring-jdbc-6.1.5.jar;D:\BaiduNetdiskDownload\apache-maven-3.9.4-bin\apache-maven-3.9.4\mvn_repo\org\projectlombok\lombok\1.18.30\lombok-1.18.30.jar;D:\BaiduNetdiskDownload\apache-maven-3.9.4-bin\apache-maven-3.9.4\mvn_repo\com\alibaba\fastjson2\fastjson2\2.0.47\fastjson2-2.0.47.jar;D:\BaiduNetdiskDownload\apache-maven-3.9.4-bin\apache-maven-3.9.4\mvn_repo\cn\hutool\hutool-all\5.8.26\hutool-all-5.8.26.jar;D:\BaiduNetdiskDownload\apache-maven-3.9.4-bin\apache-maven-3.9.4\mvn_repo\org\springdoc\springdoc-openapi-starter-webmvc-ui\2.3.0\springdoc-openapi-starter-webmvc-ui-2.3.0.jar;D:\BaiduNetdiskDownload\apache-maven-3.9.4-bin\apache-maven-3.9.4\mvn_repo\org\springdoc\springdoc-openapi-starter-webmvc-api\2.3.0\springdoc-openapi-starter-webmvc-api-2.3.0.jar;D:\BaiduNetdiskDownload\apache-maven-3.9.4-bin\apache-maven-3.9.4\mvn_repo\org\springdoc\springdoc-openapi-starter-common\2.3.0\springdoc-openapi-starter-common-2.3.0.jar;D:\BaiduNetdiskDownload\apache-maven-3.9.4-bin\apache-maven-3.9.4\mvn_repo\io\swagger\core\v3\swagger-core-jakarta\2.2.19\swagger-core-jakarta-2.2.19.jar;D:\BaiduNetdiskDownload\apache-maven-3.9.4-bin\apache-maven-3.9.4\mvn_repo\org\apache\commons\commons-lang3\3.13.0\commons-lang3-3.13.0.jar;D:\BaiduNetdiskDownload\apache-maven-3.9.4-bin\apache-maven-3.9.4\mvn_repo\io\swagger\core\v3\swagger-annotations-jakarta\2.2.19\swagger-annotations-jakarta-2.2.19.jar;D:\BaiduNetdiskDownload\apache-maven-3.9.4-bin\apache-maven-3.9.4\mvn_repo\io\swagger\core\v3\swagger-models-jakarta\2.2.19\swagger-models-jakarta-2.2.19.jar;D:\BaiduNetdiskDownload\apache-maven-3.9.4-bin\apache-maven-3.9.4\mvn_repo\com\fasterxml\jackson\dataformat\jackson-dataformat-yaml\2.15.4\jackson-dataformat-yaml-2.15.4.jar;D:\BaiduNetdiskDownload\apache-maven-3.9.4-bin\apache-maven-3.9.4\mvn_repo\org\webjars\swagger-ui\5.10.3\swagger-ui-5.10.3.jar;D:\BaiduNetdiskDownload\apache-maven-3.9.4-bin\apache-maven-3.9.4\mvn_repo\org\springframework\boot\spring-boot-devtools\3.2.4\spring-boot-devtools-3.2.4.jar;D:\BaiduNetdiskDownload\apache-maven-3.9.4-bin\apache-maven-3.9.4\mvn_repo\org\springframework\boot\spring-boot\3.2.4\spring-boot-3.2.4.jar;D:\BaiduNetdiskDownload\apache-maven-3.9.4-bin\apache-maven-3.9.4\mvn_repo\jakarta\xml\bind\jakarta.xml.bind-api\4.0.2\jakarta.xml.bind-api-4.0.2.jar;D:\BaiduNetdiskDownload\apache-maven-3.9.4-bin\apache-maven-3.9.4\mvn_repo\jakarta\activation\jakarta.activation-api\2.1.3\jakarta.activation-api-2.1.3.jar;D:\BaiduNetdiskDownload\apache-maven-3.9.4-bin\apache-maven-3.9.4\mvn_repo\org\springframework\spring-core\6.1.5\spring-core-6.1.5.jar;D:\BaiduNetdiskDownload\apache-maven-3.9.4-bin\apache-maven-3.9.4\mvn_repo\org\springframework\spring-jcl\6.1.5\spring-jcl-6.1.5.jar;D:\Python\DLLs;D:\Python\Lib;D:\Python;D:\IDEA_Project\GraduationProject\ai\.venv;D:\IDEA_Project\GraduationProject\ai\.venv\Lib\site-packages;C:\Users\17837\AppData\Local\JetBrains\IntelliJIdea2025.2\python_stubs\1568962287;C:\Users\17837\AppData\Roaming\JetBrains\IntelliJIdea2025.2\plugins\python-ce\helpers\typeshed\stdlib;C:\Users\17837\AppData\Roaming\JetBrains\IntelliJIdea2025.2\plugins\python-ce\helpers\typeshed\stubs\six;C:\Users\17837\AppData\Roaming\JetBrains\IntelliJIdea2025.2\plugins\python-ce\helpers\typeshed\stubs\tqdm;C:\Users\17837\AppData\Roaming\JetBrains\IntelliJIdea2025.2\plugins\python-ce\helpers\typeshed\stubs\Pillow;C:\Users\17837\AppData\Roaming\JetBrains\IntelliJIdea2025.2\plugins\python-ce\helpers\typeshed\stubs\psutil;C:\Users\17837\AppData\Roaming\JetBrains\IntelliJIdea2025.2\plugins\python-ce\helpers\typeshed\stubs\PyYAML;C:\Users\17837\AppData\Roaming\JetBrains\IntelliJIdea2025.2\plugins\python-ce\helpers\typeshed\stubs\seaborn;C:\Users\17837\AppData\Roaming\JetBrains\IntelliJIdea2025.2\plugins\python-ce\helpers\typeshed\stubs\colorama;C:\Users\17837\AppData\Roaming\JetBrains\IntelliJIdea2025.2\plugins\python-ce\helpers\typeshed\stubs\networkx;C:\Users\17837\AppData\Roaming\JetBrains\IntelliJIdea2025.2\plugins\python-ce\helpers\typeshed\stubs\requests;C:\Users\17837\AppData\Roaming\JetBrains\IntelliJIdea2025.2\plugins\python-ce\helpers\typeshed\stubs\Flask-Cors;C:\Users\17837\AppData\Roaming\JetBrains\IntelliJIdea2025.2\plugins\python-ce\helpers\typeshed\stubs\setuptools;C:\Users\17837\AppData\Roaming\JetBrains\IntelliJIdea2025.2\plugins\python-ce\helpers\typeshed\stubs\python-dateutil
Launcher Type: SUN_STANDARD

[Global flags]
     intx CICompilerCount                          = 12                                        {product} {ergonomic}
     uint ConcGCThreads                            = 3                                         {product} {ergonomic}
     uint G1ConcRefinementThreads                  = 13                                        {product} {ergonomic}
   size_t G1HeapRegionSize                         = 2097152                                   {product} {ergonomic}
   size_t InitialHeapSize                          = 255852544                                 {product} {ergonomic}
     bool ManagementServer                         = true                                      {product} {command line}
   size_t MarkStackSize                            = 4194304                                   {product} {ergonomic}
   size_t MaxHeapSize                              = 4078960640                                {product} {ergonomic}
   size_t MaxNewSize                               = 2447376384                                {product} {ergonomic}
   size_t MinHeapDeltaBytes                        = 2097152                                   {product} {ergonomic}
   size_t MinHeapSize                              = 8388608                                   {product} {ergonomic}
    uintx NonNMethodCodeHeapSize                   = 4096                                   {pd product} {ergonomic}
    uintx NonProfiledCodeHeapSize                  = 0                                      {pd product} {ergonomic}
     bool ProfileInterpreter                       = false                                  {pd product} {command line}
    uintx ProfiledCodeHeapSize                     = 0                                      {pd product} {ergonomic}
   size_t SoftMaxHeapSize                          = 4078960640                             {manageable} {ergonomic}
     intx TieredStopAtLevel                        = 1                                         {product} {command line}
     bool UseCompressedOops                        = true                           {product lp64_product} {ergonomic}
     bool UseG1GC                                  = true                                      {product} {ergonomic}
     bool UseLargePagesIndividualAllocation        = false                                  {pd product} {ergonomic}

Logging:
Log output configuration:
 #0: stdout all=warning uptime,level,tags foldmultilines=false
 #1: stderr all=off uptime,level,tags foldmultilines=false

Environment Variables:
JAVA_HOME=D:\Jdk
PATH=D:\Jdk\bin;D:\Python\Scripts\;D:\Python\;C:\Windows\system32;C:\Windows;C:\Windows\System32\Wbem;C:\Windows\System32\WindowsPowerShell\v1.0\;C:\Windows\System32\OpenSSH\;C:\Program Files (x86)\NVIDIA Corporation\PhysX\Common;C:\Program Files\NVIDIA Corporation\NVIDIA NvDLISR;C:\Program Files\dotnet\;C:\WINDOWS\system32;C:\WINDOWS;C:\WINDOWS\System32\Wbem;C:\WINDOWS\System32\WindowsPowerShell\v1.0\;C:\WINDOWS\System32\OpenSSH\;C:\Program Files\MySQL\MySQL Server 8.0\bin;D:\BaiduNetdiskDownload\apache-maven-3.9.4-bin\apache-maven-3.9.4\bin;D:\MySql\mysql-8.0.34-winx64\bin;D:\Git\cmd;D:\Redis;D:\Program Files\nodejs\;D:\DevTool\Conda;D:\DevTool\Conda;D:\DevTool\Conda\Library\mingw-w64\bin;D:\DevTool\Conda\Library\usr\bin;D:\DevTool\Conda\Library\bin;D:\DevTool\Conda\Scripts;C:\Users\17837\AppData\Local\Microsoft\WindowsApps;D:\Microsoft VS Code\bin;D:\PyCharm\PyCharm 2024.2.3\bin;;D:\QQGame\Hall.58319\;D:\DataGrip\DataGrip 2024.3.5\bin;;D:\JetBrains\IntelliJ IDEA 2025.2\bin;C:\Users\17837\AppData\Roaming\npm
USERNAME=17837
OS=Windows_NT
PROCESSOR_IDENTIFIER=AMD64 Family 25 Model 68 Stepping 1, AuthenticAMD
TMP=C:\Users\17837\AppData\Local\Temp
TEMP=C:\Users\17837\AppData\Local\Temp




Periodic native trim disabled

---------------  S Y S T E M  ---------------

OS:
 Windows 11 , 64 bit Build 26100 (10.0.26100.7705)
OS uptime: 2 days 1:41 hours

CPU: total 16 (initial active 16) (16 cores per cpu, 2 threads per core) family 25 model 68 stepping 1 microcode 0xa404102, cx8, cmov, fxsr, ht, mmx, 3dnowpref, sse, sse2, sse3, ssse3, sse4a, sse4.1, sse4.2, popcnt, lzcnt, tsc, tscinvbit, avx, avx2, aes, clmul, bmi1, bmi2, adx, sha, fma, vzeroupper, clflush, clflushopt, rdtscp, rdpid, f16c, pku, cet_ss
Processor Information for processor 0
  Max Mhz: 3201, Current Mhz: 2566, Mhz Limit: 3201
Processor Information for processor 1
  Max Mhz: 3201, Current Mhz: 2566, Mhz Limit: 3201
Processor Information for processor 2
  Max Mhz: 3201, Current Mhz: 2566, Mhz Limit: 3201
Processor Information for processor 3
  Max Mhz: 3201, Current Mhz: 2566, Mhz Limit: 3201
Processor Information for processor 4
  Max Mhz: 3201, Current Mhz: 2566, Mhz Limit: 3201
Processor Information for processor 5
  Max Mhz: 3201, Current Mhz: 2566, Mhz Limit: 3201
Processor Information for processor 6
  Max Mhz: 3201, Current Mhz: 2566, Mhz Limit: 3201
Processor Information for processor 7
  Max Mhz: 3201, Current Mhz: 3201, Mhz Limit: 3201
Processor Information for processor 8
  Max Mhz: 3201, Current Mhz: 2566, Mhz Limit: 3201
Processor Information for processor 9
  Max Mhz: 3201, Current Mhz: 3201, Mhz Limit: 3201
Processor Information for processor 10
  Max Mhz: 3201, Current Mhz: 3201, Mhz Limit: 3201
Processor Information for processor 11
  Max Mhz: 3201, Current Mhz: 3201, Mhz Limit: 3201
Processor Information for processor 12
  Max Mhz: 3201, Current Mhz: 2566, Mhz Limit: 3201
Processor Information for processor 13
  Max Mhz: 3201, Current Mhz: 3201, Mhz Limit: 3201
Processor Information for processor 14
  Max Mhz: 3201, Current Mhz: 2566, Mhz Limit: 3201
Processor Information for processor 15
  Max Mhz: 3201, Current Mhz: 2566, Mhz Limit: 3201

Memory: 4k page, system-wide physical 15557M (1093M free)
TotalPageFile size 28357M (AvailPageFile size 7M)
current process WorkingSet (physical memory assigned to process): 195M, peak: 195M
current process commit charge ("private bytes"): 244M, peak: 377M

vm_info: Java HotSpot(TM) 64-Bit Server VM (22.0.1+8-16) for windows-amd64 JRE (22.0.1+8-16), built on 2024-03-12T10:33:16Z by "mach5one" with MS VC++ 17.6 (VS2022)

END.
